../Core/Src/main.c:86:5:main	80	static
../Core/Src/main.c:160:6:SystemClock_Config	88	static
../Core/Src/main.c:189:13:MX_ADC1_Init	24	static
../Core/Src/main.c:216:13:MX_I2C2_Init	8	static
../Core/Src/main.c:230:13:MX_RTC_Init	32	static
../Core/Src/main.c:270:13:MX_SPI1_Init	8	static
../Core/Src/main.c:287:13:MX_GPIO_Init	40	static
../Core/Src/main.c:330:19:FRAM_Write	40	static
../Core/Src/main.c:336:19:FRAM_Read	32	static
../Core/Src/main.c:340:6:Draw_UI_Nhom07	16	static
../Core/Src/main.c:354:7:Read_Temperature	16	static
../Core/Src/main.c:365:6:StartDefaultTask	64	static
../Core/Src/main.c:399:6:StartTouchTask	216	static
../Core/Src/main.c:474:6:Error_Handler	4	static,ignoring_inline_asm
